2026-02-27 15:31:48,839  ARC  from=(0,0)  cp=(177,1)  to=(310,0)  steps=53  ms/step=14.9
2026-02-27 15:31:48,839  STEP  i=01  pos=(0,0)  delta=(+0,+0)
2026-02-27 15:31:48,839  STEP  i=02  pos=(1,0)  delta=(+1,+0)
2026-02-27 15:31:48,839  STEP  i=03  pos=(2,0)  delta=(+1,+0)
2026-02-27 15:31:48,839  STEP  i=04  pos=(4,0)  delta=(+2,+0)
2026-02-27 15:31:48,839  STEP  i=05  pos=(7,0)  delta=(+3,+0)
2026-02-27 15:31:48,839  STEP  i=06  pos=(11,0)  delta=(+4,+0)
2026-02-27 15:31:48,839  STEP  i=07  pos=(14,0)  delta=(+3,+0)
2026-02-27 15:31:48,839  STEP  i=08  pos=(19,0)  delta=(+5,+0)
2026-02-27 15:31:48,839  STEP  i=09  pos=(24,0)  delta=(+5,+0)
2026-02-27 15:31:48,839  STEP  i=10  pos=(29,0)  delta=(+5,+0)
2026-02-27 15:31:48,839  STEP  i=11  pos=(35,0)  delta=(+6,+0)
2026-02-27 15:31:48,839  STEP  i=12  pos=(42,0)  delta=(+7,+0)
2026-02-27 15:31:48,839  STEP  i=13  pos=(49,0)  delta=(+7,+0)
2026-02-27 15:31:48,839  STEP  i=14  pos=(56,0)  delta=(+7,+0)
2026-02-27 15:31:48,839  STEP  i=15  pos=(63,0)  delta=(+7,+0)
2026-02-27 15:31:48,839  STEP  i=16  pos=(71,0)  delta=(+8,+0)
2026-02-27 15:31:48,839  STEP  i=17  pos=(80,0)  delta=(+9,+0)
2026-02-27 15:31:48,839  STEP  i=18  pos=(88,0)  delta=(+8,+0)
2026-02-27 15:31:48,839  STEP  i=19  pos=(97,0)  delta=(+9,+0)
2026-02-27 15:31:48,839  STEP  i=20  pos=(106,0)  delta=(+9,+0)
2026-02-27 15:31:48,839  STEP  i=21  pos=(115,0)  delta=(+9,+0)
2026-02-27 15:31:48,839  STEP  i=22  pos=(124,0)  delta=(+9,+0)
2026-02-27 15:31:48,839  STEP  i=23  pos=(133,0)  delta=(+9,+0)
2026-02-27 15:31:48,839  STEP  i=24  pos=(142,0)  delta=(+9,+0)
2026-02-27 15:31:48,839  STEP  i=25  pos=(152,0)  delta=(+10,+0)
2026-02-27 15:31:48,839  STEP  i=26  pos=(161,0)  delta=(+9,+0)
2026-02-27 15:31:48,839  STEP  i=27  pos=(170,0)  delta=(+9,+0)
2026-02-27 15:31:48,839  STEP  i=28  pos=(179,0)  delta=(+9,+0)
2026-02-27 15:31:48,839  STEP  i=29  pos=(188,0)  delta=(+9,+0)
2026-02-27 15:31:48,839  STEP  i=30  pos=(197,0)  delta=(+9,+0)
2026-02-27 15:31:48,839  STEP  i=31  pos=(206,0)  delta=(+9,+0)
2026-02-27 15:31:48,839  STEP  i=32  pos=(214,0)  delta=(+8,+0)
2026-02-27 15:31:48,839  STEP  i=33  pos=(222,0)  delta=(+8,+0)
2026-02-27 15:31:48,839  STEP  i=34  pos=(230,0)  delta=(+8,+0)
2026-02-27 15:31:48,839  STEP  i=35  pos=(238,0)  delta=(+8,+0)
2026-02-27 15:31:48,839  STEP  i=36  pos=(245,0)  delta=(+7,+0)
2026-02-27 15:31:48,839  STEP  i=37  pos=(252,0)  delta=(+7,+0)
2026-02-27 15:31:48,839  STEP  i=38  pos=(259,0)  delta=(+7,+0)
2026-02-27 15:31:48,839  STEP  i=39  pos=(265,0)  delta=(+6,+0)
2026-02-27 15:31:48,839  STEP  i=40  pos=(271,0)  delta=(+6,+0)
2026-02-27 15:31:48,839  STEP  i=41  pos=(277,0)  delta=(+6,+0)
2026-02-27 15:31:48,839  STEP  i=42  pos=(282,0)  delta=(+5,+0)
2026-02-27 15:31:48,839  STEP  i=43  pos=(286,0)  delta=(+4,+0)
2026-02-27 15:31:48,839  STEP  i=44  pos=(291,0)  delta=(+5,+0)
2026-02-27 15:31:48,839  STEP  i=45  pos=(295,0)  delta=(+4,+0)
2026-02-27 15:31:48,839  STEP  i=46  pos=(298,0)  delta=(+3,+0)
2026-02-27 15:31:48,839  STEP  i=47  pos=(301,0)  delta=(+3,+0)
2026-02-27 15:31:48,839  STEP  i=48  pos=(304,0)  delta=(+3,+0)
2026-02-27 15:31:48,839  STEP  i=49  pos=(306,0)  delta=(+2,+0)
2026-02-27 15:31:48,839  STEP  i=50  pos=(307,0)  delta=(+1,+0)
2026-02-27 15:31:48,839  STEP  i=51  pos=(309,0)  delta=(+2,+0)
2026-02-27 15:31:48,839  STEP  i=52  pos=(309,0)  delta=(+0,+0)
2026-02-27 15:31:48,839  STEP  i=53  pos=(310,0)  delta=(+1,+0)
2026-02-27 15:31:49,751  SNAP  final=(310,0)
2026-02-27 15:31:50,976  RESTORE  pos=(310,0)
2026-02-27 15:31:52,038  ARC  from=(310,0)  cp=(335,228)  to=(355,432)  steps=64  ms/step=17.9
2026-02-27 15:31:52,038  STEP  i=01  pos=(310,0)  delta=(+0,+0)
2026-02-27 15:31:52,038  STEP  i=02  pos=(310,1)  delta=(+0,+1)
2026-02-27 15:31:52,038  STEP  i=03  pos=(310,2)  delta=(+0,+1)
2026-02-27 15:31:52,038  STEP  i=04  pos=(310,4)  delta=(+0,+2)
2026-02-27 15:31:52,038  STEP  i=05  pos=(310,6)  delta=(+0,+2)
2026-02-27 15:31:52,038  STEP  i=06  pos=(311,9)  delta=(+1,+3)
2026-02-27 15:31:52,039  STEP  i=07  pos=(311,13)  delta=(+0,+4)
2026-02-27 15:31:52,039  STEP  i=08  pos=(311,17)  delta=(+0,+4)
2026-02-27 15:31:52,039  STEP  i=09  pos=(312,21)  delta=(+1,+4)
2026-02-27 15:31:52,039  STEP  i=10  pos=(312,26)  delta=(+0,+5)
2026-02-27 15:31:52,039  STEP  i=11  pos=(313,32)  delta=(+1,+6)
2026-02-27 15:31:52,039  STEP  i=12  pos=(314,38)  delta=(+1,+6)
2026-02-27 15:31:52,039  STEP  i=13  pos=(314,44)  delta=(+0,+6)
2026-02-27 15:31:52,039  STEP  i=14  pos=(315,51)  delta=(+1,+7)
2026-02-27 15:31:52,039  STEP  i=15  pos=(316,58)  delta=(+1,+7)
2026-02-27 15:31:52,039  STEP  i=16  pos=(317,66)  delta=(+1,+8)
2026-02-27 15:31:52,039  STEP  i=17  pos=(318,74)  delta=(+1,+8)
2026-02-27 15:31:52,039  STEP  i=18  pos=(318,82)  delta=(+0,+8)
2026-02-27 15:31:52,039  STEP  i=19  pos=(319,91)  delta=(+1,+9)
2026-02-27 15:31:52,040  STEP  i=20  pos=(320,100)  delta=(+1,+9)
2026-02-27 15:31:52,040  STEP  i=21  pos=(321,109)  delta=(+1,+9)
2026-02-27 15:31:52,040  STEP  i=22  pos=(322,118)  delta=(+1,+9)
2026-02-27 15:31:52,040  STEP  i=23  pos=(323,128)  delta=(+1,+10)
2026-02-27 15:31:52,040  STEP  i=24  pos=(324,138)  delta=(+1,+10)
2026-02-27 15:31:52,040  STEP  i=25  pos=(326,148)  delta=(+2,+10)
2026-02-27 15:31:52,040  STEP  i=26  pos=(327,158)  delta=(+1,+10)
2026-02-27 15:31:52,040  STEP  i=27  pos=(328,169)  delta=(+1,+11)
2026-02-27 15:31:52,040  STEP  i=28  pos=(329,179)  delta=(+1,+10)
2026-02-27 15:31:52,040  STEP  i=29  pos=(330,190)  delta=(+1,+11)
2026-02-27 15:31:52,040  STEP  i=30  pos=(331,200)  delta=(+1,+10)
2026-02-27 15:31:52,040  STEP  i=31  pos=(332,211)  delta=(+1,+11)
2026-02-27 15:31:52,040  STEP  i=32  pos=(333,221)  delta=(+1,+10)
2026-02-27 15:31:52,040  STEP  i=33  pos=(334,232)  delta=(+1,+11)
2026-02-27 15:31:52,040  STEP  i=34  pos=(335,243)  delta=(+1,+11)
2026-02-27 15:31:52,040  STEP  i=35  pos=(337,253)  delta=(+2,+10)
2026-02-27 15:31:52,041  STEP  i=36  pos=(338,263)  delta=(+1,+10)
2026-02-27 15:31:52,041  STEP  i=37  pos=(339,274)  delta=(+1,+11)
2026-02-27 15:31:52,041  STEP  i=38  pos=(340,284)  delta=(+1,+10)
2026-02-27 15:31:52,041  STEP  i=39  pos=(341,294)  delta=(+1,+10)
2026-02-27 15:31:52,041  STEP  i=40  pos=(342,303)  delta=(+1,+9)
2026-02-27 15:31:52,041  STEP  i=41  pos=(343,313)  delta=(+1,+10)
2026-02-27 15:31:52,041  STEP  i=42  pos=(344,322)  delta=(+1,+9)
2026-02-27 15:31:52,041  STEP  i=43  pos=(344,331)  delta=(+0,+9)
2026-02-27 15:31:52,041  STEP  i=44  pos=(345,340)  delta=(+1,+9)
2026-02-27 15:31:52,041  STEP  i=45  pos=(346,348)  delta=(+1,+8)
2026-02-27 15:31:52,041  STEP  i=46  pos=(347,356)  delta=(+1,+8)
2026-02-27 15:31:52,041  STEP  i=47  pos=(348,364)  delta=(+1,+8)
2026-02-27 15:31:52,041  STEP  i=48  pos=(349,371)  delta=(+1,+7)
2026-02-27 15:31:52,041  STEP  i=49  pos=(349,378)  delta=(+0,+7)
2026-02-27 15:31:52,041  STEP  i=50  pos=(350,385)  delta=(+1,+7)
2026-02-27 15:31:52,041  STEP  i=51  pos=(351,391)  delta=(+1,+6)
2026-02-27 15:31:52,041  STEP  i=52  pos=(351,397)  delta=(+0,+6)
2026-02-27 15:31:52,042  STEP  i=53  pos=(352,402)  delta=(+1,+5)
2026-02-27 15:31:52,042  STEP  i=54  pos=(352,407)  delta=(+0,+5)
2026-02-27 15:31:52,042  STEP  i=55  pos=(353,412)  delta=(+1,+5)
2026-02-27 15:31:52,042  STEP  i=56  pos=(353,416)  delta=(+0,+4)
2026-02-27 15:31:52,042  STEP  i=57  pos=(353,420)  delta=(+0,+4)
2026-02-27 15:31:52,042  STEP  i=58  pos=(354,423)  delta=(+1,+3)
2026-02-27 15:31:52,042  STEP  i=59  pos=(354,425)  delta=(+0,+2)
2026-02-27 15:31:52,042  STEP  i=60  pos=(354,428)  delta=(+0,+3)
2026-02-27 15:31:52,042  STEP  i=61  pos=(354,429)  delta=(+0,+1)
2026-02-27 15:31:52,042  STEP  i=62  pos=(354,431)  delta=(+0,+2)
2026-02-27 15:31:52,042  STEP  i=63  pos=(354,431)  delta=(+0,+0)
2026-02-27 15:31:52,042  STEP  i=64  pos=(355,432)  delta=(+1,+1)
2026-02-27 15:31:53,318  SNAP  final=(355,432)
2026-02-27 15:32:02,508  ARC  from=(355,432)  cp=(362,445)  to=(370,448)  steps=66  ms/step=14.5
2026-02-27 15:32:02,508  STEP  i=01  pos=(355,432)  delta=(+0,+0)
2026-02-27 15:32:02,508  STEP  i=02  pos=(355,432)  delta=(+0,+0)
2026-02-27 15:32:02,508  STEP  i=03  pos=(355,432)  delta=(+0,+0)
2026-02-27 15:32:02,508  STEP  i=04  pos=(355,432)  delta=(+0,+0)
2026-02-27 15:32:02,508  STEP  i=05  pos=(355,432)  delta=(+0,+0)
2026-02-27 15:32:02,508  STEP  i=06  pos=(355,432)  delta=(+0,+0)
2026-02-27 15:32:02,508  STEP  i=07  pos=(355,432)  delta=(+0,+0)
2026-02-27 15:32:02,508  STEP  i=08  pos=(355,432)  delta=(+0,+0)
2026-02-27 15:32:02,508  STEP  i=09  pos=(355,433)  delta=(+0,+1)
2026-02-27 15:32:02,508  STEP  i=10  pos=(355,433)  delta=(+0,+0)
2026-02-27 15:32:02,508  STEP  i=11  pos=(355,433)  delta=(+0,+0)
2026-02-27 15:32:02,508  STEP  i=12  pos=(356,434)  delta=(+1,+1)
2026-02-27 15:32:02,508  STEP  i=13  pos=(356,434)  delta=(+0,+0)
2026-02-27 15:32:02,508  STEP  i=14  pos=(356,434)  delta=(+0,+0)
2026-02-27 15:32:02,508  STEP  i=15  pos=(356,435)  delta=(+0,+1)
2026-02-27 15:32:02,508  STEP  i=16  pos=(356,435)  delta=(+0,+0)
2026-02-27 15:32:02,508  STEP  i=17  pos=(357,435)  delta=(+1,+0)
2026-02-27 15:32:02,508  STEP  i=18  pos=(357,436)  delta=(+0,+1)
2026-02-27 15:32:02,508  STEP  i=19  pos=(357,436)  delta=(+0,+0)
2026-02-27 15:32:02,508  STEP  i=20  pos=(357,437)  delta=(+0,+1)
2026-02-27 15:32:02,508  STEP  i=21  pos=(358,437)  delta=(+1,+0)
2026-02-27 15:32:02,508  STEP  i=22  pos=(358,437)  delta=(+0,+0)
2026-02-27 15:32:02,508  STEP  i=23  pos=(358,438)  delta=(+0,+1)
2026-02-27 15:32:02,508  STEP  i=24  pos=(359,438)  delta=(+1,+0)
2026-02-27 15:32:02,508  STEP  i=25  pos=(359,439)  delta=(+0,+1)
2026-02-27 15:32:02,508  STEP  i=26  pos=(359,439)  delta=(+0,+0)
2026-02-27 15:32:02,508  STEP  i=27  pos=(360,440)  delta=(+1,+1)
2026-02-27 15:32:02,508  STEP  i=28  pos=(360,440)  delta=(+0,+0)
2026-02-27 15:32:02,508  STEP  i=29  pos=(360,440)  delta=(+0,+0)
2026-02-27 15:32:02,508  STEP  i=30  pos=(361,441)  delta=(+1,+1)
2026-02-27 15:32:02,508  STEP  i=31  pos=(361,441)  delta=(+0,+0)
2026-02-27 15:32:02,508  STEP  i=32  pos=(361,442)  delta=(+0,+1)
2026-02-27 15:32:02,517  STEP  i=33  pos=(362,442)  delta=(+1,+0)
2026-02-27 15:32:02,517  STEP  i=34  pos=(362,442)  delta=(+0,+0)
2026-02-27 15:32:02,517  STEP  i=35  pos=(362,443)  delta=(+0,+1)
2026-02-27 15:32:02,517  STEP  i=36  pos=(363,443)  delta=(+1,+0)
2026-02-27 15:32:02,517  STEP  i=37  pos=(363,443)  delta=(+0,+0)
2026-02-27 15:32:02,517  STEP  i=38  pos=(364,444)  delta=(+1,+1)
2026-02-27 15:32:02,517  STEP  i=39  pos=(364,444)  delta=(+0,+0)
2026-02-27 15:32:02,517  STEP  i=40  pos=(364,444)  delta=(+0,+0)
2026-02-27 15:32:02,517  STEP  i=41  pos=(365,445)  delta=(+1,+1)
2026-02-27 15:32:02,517  STEP  i=42  pos=(365,445)  delta=(+0,+0)
2026-02-27 15:32:02,517  STEP  i=43  pos=(365,445)  delta=(+0,+0)
2026-02-27 15:32:02,517  STEP  i=44  pos=(366,445)  delta=(+1,+0)
2026-02-27 15:32:02,517  STEP  i=45  pos=(366,446)  delta=(+0,+1)
2026-02-27 15:32:02,517  STEP  i=46  pos=(366,446)  delta=(+0,+0)
2026-02-27 15:32:02,517  STEP  i=47  pos=(366,446)  delta=(+0,+0)
2026-02-27 15:32:02,517  STEP  i=48  pos=(367,446)  delta=(+1,+0)
2026-02-27 15:32:02,517  STEP  i=49  pos=(367,446)  delta=(+0,+0)
2026-02-27 15:32:02,517  STEP  i=50  pos=(367,446)  delta=(+0,+0)
2026-02-27 15:32:02,517  STEP  i=51  pos=(368,447)  delta=(+1,+1)
2026-02-27 15:32:02,517  STEP  i=52  pos=(368,447)  delta=(+0,+0)
2026-02-27 15:32:02,517  STEP  i=53  pos=(368,447)  delta=(+0,+0)
2026-02-27 15:32:02,517  STEP  i=54  pos=(368,447)  delta=(+0,+0)
2026-02-27 15:32:02,517  STEP  i=55  pos=(368,447)  delta=(+0,+0)
2026-02-27 15:32:02,517  STEP  i=56  pos=(369,447)  delta=(+1,+0)
2026-02-27 15:32:02,520  STEP  i=57  pos=(369,447)  delta=(+0,+0)
2026-02-27 15:32:02,520  STEP  i=58  pos=(369,447)  delta=(+0,+0)
2026-02-27 15:32:02,520  STEP  i=59  pos=(369,447)  delta=(+0,+0)
2026-02-27 15:32:02,520  STEP  i=60  pos=(369,447)  delta=(+0,+0)
2026-02-27 15:32:02,520  STEP  i=61  pos=(369,447)  delta=(+0,+0)
2026-02-27 15:32:02,520  STEP  i=62  pos=(369,447)  delta=(+0,+0)
2026-02-27 15:32:02,520  STEP  i=63  pos=(369,447)  delta=(+0,+0)
2026-02-27 15:32:02,520  STEP  i=64  pos=(369,447)  delta=(+0,+0)
2026-02-27 15:32:02,520  STEP  i=65  pos=(369,447)  delta=(+0,+0)
2026-02-27 15:32:02,520  STEP  i=66  pos=(370,448)  delta=(+1,+1)
2026-02-27 15:32:03,595  SNAP  final=(370,448)
2026-02-27 15:32:18,750  ARC  from=(370,448)  cp=(224,385)  to=(116,360)  steps=46  ms/step=16.7
2026-02-27 15:32:18,750  STEP  i=01  pos=(369,447)  delta=(-1,-1)
2026-02-27 15:32:18,751  STEP  i=02  pos=(368,447)  delta=(-1,+0)
2026-02-27 15:32:18,751  STEP  i=03  pos=(366,446)  delta=(-2,-1)
2026-02-27 15:32:18,751  STEP  i=04  pos=(364,445)  delta=(-2,-1)
2026-02-27 15:32:18,751  STEP  i=05  pos=(361,444)  delta=(-3,-1)
2026-02-27 15:32:18,751  STEP  i=06  pos=(357,442)  delta=(-4,-2)
2026-02-27 15:32:18,751  STEP  i=07  pos=(353,441)  delta=(-4,-1)
2026-02-27 15:32:18,751  STEP  i=08  pos=(348,439)  delta=(-5,-2)
2026-02-27 15:32:18,751  STEP  i=09  pos=(343,436)  delta=(-5,-3)
2026-02-27 15:32:18,751  STEP  i=10  pos=(337,434)  delta=(-6,-2)
2026-02-27 15:32:18,752  STEP  i=11  pos=(331,431)  delta=(-6,-3)
2026-02-27 15:32:18,752  STEP  i=12  pos=(324,428)  delta=(-7,-3)
2026-02-27 15:32:18,752  STEP  i=13  pos=(317,426)  delta=(-7,-2)
2026-02-27 15:32:18,752  STEP  i=14  pos=(309,423)  delta=(-8,-3)
2026-02-27 15:32:18,752  STEP  i=15  pos=(302,419)  delta=(-7,-4)
2026-02-27 15:32:18,752  STEP  i=16  pos=(293,416)  delta=(-9,-3)
2026-02-27 15:32:18,752  STEP  i=17  pos=(285,413)  delta=(-8,-3)
2026-02-27 15:32:18,752  STEP  i=18  pos=(277,410)  delta=(-8,-3)
2026-02-27 15:32:18,753  STEP  i=19  pos=(268,407)  delta=(-9,-3)
2026-02-27 15:32:18,753  STEP  i=20  pos=(259,403)  delta=(-9,-4)
2026-02-27 15:32:18,753  STEP  i=21  pos=(250,400)  delta=(-9,-3)
2026-02-27 15:32:18,753  STEP  i=22  pos=(242,397)  delta=(-8,-3)
2026-02-27 15:32:18,753  STEP  i=23  pos=(233,394)  delta=(-9,-3)
2026-02-27 15:32:18,753  STEP  i=24  pos=(224,391)  delta=(-9,-3)
2026-02-27 15:32:18,753  STEP  i=25  pos=(216,388)  delta=(-8,-3)
2026-02-27 15:32:18,754  STEP  i=26  pos=(208,385)  delta=(-8,-3)
2026-02-27 15:32:18,754  STEP  i=27  pos=(199,383)  delta=(-9,-2)
2026-02-27 15:32:18,754  STEP  i=28  pos=(192,380)  delta=(-7,-3)
2026-02-27 15:32:18,754  STEP  i=29  pos=(184,378)  delta=(-8,-2)
2026-02-27 15:32:18,754  STEP  i=30  pos=(177,376)  delta=(-7,-2)
2026-02-27 15:32:18,754  STEP  i=31  pos=(170,374)  delta=(-7,-2)
2026-02-27 15:32:18,754  STEP  i=32  pos=(163,372)  delta=(-7,-2)
2026-02-27 15:32:18,754  STEP  i=33  pos=(157,370)  delta=(-6,-2)
2026-02-27 15:32:18,755  STEP  i=34  pos=(151,368)  delta=(-6,-2)
2026-02-27 15:32:18,755  STEP  i=35  pos=(145,367)  delta=(-6,-1)
2026-02-27 15:32:18,755  STEP  i=36  pos=(140,366)  delta=(-5,-1)
2026-02-27 15:32:18,755  STEP  i=37  pos=(136,364)  delta=(-4,-2)
2026-02-27 15:32:18,755  STEP  i=38  pos=(131,363)  delta=(-5,-1)
2026-02-27 15:32:18,755  STEP  i=39  pos=(128,362)  delta=(-3,-1)
2026-02-27 15:32:18,755  STEP  i=40  pos=(125,362)  delta=(-3,+0)
2026-02-27 15:32:18,755  STEP  i=41  pos=(122,361)  delta=(-3,-1)
2026-02-27 15:32:18,756  STEP  i=42  pos=(120,360)  delta=(-2,-1)
2026-02-27 15:32:18,756  STEP  i=43  pos=(118,360)  delta=(-2,+0)
2026-02-27 15:32:18,756  STEP  i=44  pos=(117,360)  delta=(-1,+0)
2026-02-27 15:32:18,756  STEP  i=45  pos=(116,360)  delta=(-1,+0)
2026-02-27 15:32:18,756  STEP  i=46  pos=(116,360)  delta=(+0,+0)
2026-02-27 15:32:19,643  SNAP  final=(116,360)
2026-02-27 15:32:41,176  ARC  from=(116,360)  cp=(146,310)  to=(170,243)  steps=45  ms/step=14.0
2026-02-27 15:32:41,177  STEP  i=01  pos=(116,359)  delta=(+0,-1)
2026-02-27 15:32:41,177  STEP  i=02  pos=(116,359)  delta=(+0,+0)
2026-02-27 15:32:41,177  STEP  i=03  pos=(116,358)  delta=(+0,-1)
2026-02-27 15:32:41,177  STEP  i=04  pos=(117,358)  delta=(+1,+0)
2026-02-27 15:32:41,177  STEP  i=05  pos=(117,356)  delta=(+0,-2)
2026-02-27 15:32:41,177  STEP  i=06  pos=(118,355)  delta=(+1,-1)
2026-02-27 15:32:41,177  STEP  i=07  pos=(119,354)  delta=(+1,-1)
2026-02-27 15:32:41,178  STEP  i=08  pos=(120,352)  delta=(+1,-2)
2026-02-27 15:32:41,178  STEP  i=09  pos=(121,350)  delta=(+1,-2)
2026-02-27 15:32:41,178  STEP  i=10  pos=(122,348)  delta=(+1,-2)
2026-02-27 15:32:41,178  STEP  i=11  pos=(124,345)  delta=(+2,-3)
2026-02-27 15:32:41,178  STEP  i=12  pos=(125,342)  delta=(+1,-3)
2026-02-27 15:32:41,178  STEP  i=13  pos=(127,340)  delta=(+2,-2)
2026-02-27 15:32:41,178  STEP  i=14  pos=(128,337)  delta=(+1,-3)
2026-02-27 15:32:41,179  STEP  i=15  pos=(130,333)  delta=(+2,-4)
2026-02-27 15:32:41,179  STEP  i=16  pos=(132,330)  delta=(+2,-3)
2026-02-27 15:32:41,179  STEP  i=17  pos=(134,327)  delta=(+2,-3)
2026-02-27 15:32:41,179  STEP  i=18  pos=(136,323)  delta=(+2,-4)
2026-02-27 15:32:41,179  STEP  i=19  pos=(137,319)  delta=(+1,-4)
2026-02-27 15:32:41,179  STEP  i=20  pos=(139,315)  delta=(+2,-4)
2026-02-27 15:32:41,179  STEP  i=21  pos=(141,311)  delta=(+2,-4)
2026-02-27 15:32:41,179  STEP  i=22  pos=(143,307)  delta=(+2,-4)
2026-02-27 15:32:41,180  STEP  i=23  pos=(145,303)  delta=(+2,-4)
2026-02-27 15:32:41,180  STEP  i=24  pos=(147,299)  delta=(+2,-4)
2026-02-27 15:32:41,180  STEP  i=25  pos=(149,295)  delta=(+2,-4)
2026-02-27 15:32:41,180  STEP  i=26  pos=(150,291)  delta=(+1,-4)
2026-02-27 15:32:41,180  STEP  i=27  pos=(152,287)  delta=(+2,-4)
2026-02-27 15:32:41,180  STEP  i=28  pos=(154,283)  delta=(+2,-4)
2026-02-27 15:32:41,180  STEP  i=29  pos=(156,279)  delta=(+2,-4)
2026-02-27 15:32:41,180  STEP  i=30  pos=(157,275)  delta=(+1,-4)
2026-02-27 15:32:41,181  STEP  i=31  pos=(159,271)  delta=(+2,-4)
2026-02-27 15:32:41,181  STEP  i=32  pos=(160,268)  delta=(+1,-3)
2026-02-27 15:32:41,181  STEP  i=33  pos=(161,264)  delta=(+1,-4)
2026-02-27 15:32:41,181  STEP  i=34  pos=(163,261)  delta=(+2,-3)
2026-02-27 15:32:41,181  STEP  i=35  pos=(164,258)  delta=(+1,-3)
2026-02-27 15:32:41,181  STEP  i=36  pos=(165,255)  delta=(+1,-3)
2026-02-27 15:32:41,181  STEP  i=37  pos=(166,253)  delta=(+1,-2)
2026-02-27 15:32:41,181  STEP  i=38  pos=(167,250)  delta=(+1,-3)
2026-02-27 15:32:41,182  STEP  i=39  pos=(167,248)  delta=(+0,-2)
2026-02-27 15:32:41,182  STEP  i=40  pos=(168,247)  delta=(+1,-1)
2026-02-27 15:32:41,182  STEP  i=41  pos=(169,245)  delta=(+1,-2)
2026-02-27 15:32:41,182  STEP  i=42  pos=(169,244)  delta=(+0,-1)
2026-02-27 15:32:41,182  STEP  i=43  pos=(169,243)  delta=(+0,-1)
2026-02-27 15:32:41,182  STEP  i=44  pos=(169,243)  delta=(+0,+0)
2026-02-27 15:32:41,182  STEP  i=45  pos=(170,243)  delta=(+1,+0)
2026-02-27 15:32:41,922  SNAP  final=(170,243)
2026-02-27 15:32:48,663  ARC  from=(170,243)  cp=(168,308)  to=(166,428)  steps=70  ms/step=14.2
2026-02-27 15:32:48,663  STEP  i=01  pos=(169,243)  delta=(-1,+0)
2026-02-27 15:32:48,663  STEP  i=02  pos=(169,243)  delta=(+0,+0)
2026-02-27 15:32:48,663  STEP  i=03  pos=(169,243)  delta=(+0,+0)
2026-02-27 15:32:48,663  STEP  i=04  pos=(169,244)  delta=(+0,+1)
2026-02-27 15:32:48,663  STEP  i=05  pos=(169,244)  delta=(+0,+0)
2026-02-27 15:32:48,663  STEP  i=06  pos=(169,245)  delta=(+0,+1)
2026-02-27 15:32:48,663  STEP  i=07  pos=(169,246)  delta=(+0,+1)
2026-02-27 15:32:48,663  STEP  i=08  pos=(169,247)  delta=(+0,+1)
2026-02-27 15:32:48,663  STEP  i=09  pos=(169,248)  delta=(+0,+1)
2026-02-27 15:32:48,663  STEP  i=10  pos=(169,249)  delta=(+0,+1)
2026-02-27 15:32:48,663  STEP  i=11  pos=(169,250)  delta=(+0,+1)
2026-02-27 15:32:48,663  STEP  i=12  pos=(169,252)  delta=(+0,+2)
2026-02-27 15:32:48,663  STEP  i=13  pos=(169,254)  delta=(+0,+2)
2026-02-27 15:32:48,663  STEP  i=14  pos=(169,255)  delta=(+0,+1)
2026-02-27 15:32:48,663  STEP  i=15  pos=(169,257)  delta=(+0,+2)
2026-02-27 15:32:48,663  STEP  i=16  pos=(169,259)  delta=(+0,+2)
2026-02-27 15:32:48,663  STEP  i=17  pos=(169,262)  delta=(+0,+3)
2026-02-27 15:32:48,663  STEP  i=18  pos=(169,264)  delta=(+0,+2)
2026-02-27 15:32:48,663  STEP  i=19  pos=(169,266)  delta=(+0,+2)
2026-02-27 15:32:48,663  STEP  i=20  pos=(169,269)  delta=(+0,+3)
2026-02-27 15:32:48,663  STEP  i=21  pos=(169,272)  delta=(+0,+3)
2026-02-27 15:32:48,663  STEP  i=22  pos=(169,274)  delta=(+0,+2)
2026-02-27 15:32:48,663  STEP  i=23  pos=(169,277)  delta=(+0,+3)
2026-02-27 15:32:48,663  STEP  i=24  pos=(168,281)  delta=(-1,+4)
2026-02-27 15:32:48,663  STEP  i=25  pos=(168,284)  delta=(+0,+3)
2026-02-27 15:32:48,663  STEP  i=26  pos=(168,287)  delta=(+0,+3)
2026-02-27 15:32:48,663  STEP  i=27  pos=(168,290)  delta=(+0,+3)
2026-02-27 15:32:48,663  STEP  i=28  pos=(168,294)  delta=(+0,+4)
2026-02-27 15:32:48,663  STEP  i=29  pos=(168,298)  delta=(+0,+4)
2026-02-27 15:32:48,663  STEP  i=30  pos=(168,301)  delta=(+0,+3)
2026-02-27 15:32:48,663  STEP  i=31  pos=(168,305)  delta=(+0,+4)
2026-02-27 15:32:48,663  STEP  i=32  pos=(168,309)  delta=(+0,+4)
2026-02-27 15:32:48,663  STEP  i=33  pos=(168,313)  delta=(+0,+4)
2026-02-27 15:32:48,663  STEP  i=34  pos=(168,317)  delta=(+0,+4)
2026-02-27 15:32:48,663  STEP  i=35  pos=(167,321)  delta=(-1,+4)
2026-02-27 15:32:48,663  STEP  i=36  pos=(167,325)  delta=(+0,+4)
2026-02-27 15:32:48,663  STEP  i=37  pos=(167,330)  delta=(+0,+5)
2026-02-27 15:32:48,663  STEP  i=38  pos=(167,334)  delta=(+0,+4)
2026-02-27 15:32:48,663  STEP  i=39  pos=(167,338)  delta=(+0,+4)
2026-02-27 15:32:48,663  STEP  i=40  pos=(167,343)  delta=(+0,+5)
2026-02-27 15:32:48,663  STEP  i=41  pos=(167,347)  delta=(+0,+4)
2026-02-27 15:32:48,663  STEP  i=42  pos=(167,351)  delta=(+0,+4)
2026-02-27 15:32:48,663  STEP  i=43  pos=(167,355)  delta=(+0,+4)
2026-02-27 15:32:48,663  STEP  i=44  pos=(167,360)  delta=(+0,+5)
2026-02-27 15:32:48,663  STEP  i=45  pos=(167,364)  delta=(+0,+4)
2026-02-27 15:32:48,663  STEP  i=46  pos=(167,368)  delta=(+0,+4)
2026-02-27 15:32:48,663  STEP  i=47  pos=(166,372)  delta=(-1,+4)
2026-02-27 15:32:48,671  STEP  i=48  pos=(166,376)  delta=(+0,+4)
2026-02-27 15:32:48,671  STEP  i=49  pos=(166,380)  delta=(+0,+4)
2026-02-27 15:32:48,671  STEP  i=50  pos=(166,384)  delta=(+0,+4)
2026-02-27 15:32:48,671  STEP  i=51  pos=(166,388)  delta=(+0,+4)
2026-02-27 15:32:48,671  STEP  i=52  pos=(166,392)  delta=(+0,+4)
2026-02-27 15:32:48,671  STEP  i=53  pos=(166,395)  delta=(+0,+3)
2026-02-27 15:32:48,671  STEP  i=54  pos=(166,399)  delta=(+0,+4)
2026-02-27 15:32:48,671  STEP  i=55  pos=(166,402)  delta=(+0,+3)
2026-02-27 15:32:48,671  STEP  i=56  pos=(166,405)  delta=(+0,+3)
2026-02-27 15:32:48,671  STEP  i=57  pos=(166,408)  delta=(+0,+3)
2026-02-27 15:32:48,671  STEP  i=58  pos=(166,411)  delta=(+0,+3)
2026-02-27 15:32:48,671  STEP  i=59  pos=(166,413)  delta=(+0,+2)
2026-02-27 15:32:48,671  STEP  i=60  pos=(166,416)  delta=(+0,+3)
2026-02-27 15:32:48,671  STEP  i=61  pos=(166,418)  delta=(+0,+2)
2026-02-27 15:32:48,671  STEP  i=62  pos=(166,420)  delta=(+0,+2)
2026-02-27 15:32:48,671  STEP  i=63  pos=(166,422)  delta=(+0,+2)
2026-02-27 15:32:48,671  STEP  i=64  pos=(166,423)  delta=(+0,+1)
2026-02-27 15:32:48,671  STEP  i=65  pos=(166,424)  delta=(+0,+1)
2026-02-27 15:32:48,671  STEP  i=66  pos=(166,426)  delta=(+0,+2)
2026-02-27 15:32:48,671  STEP  i=67  pos=(166,426)  delta=(+0,+0)
2026-02-27 15:32:48,671  STEP  i=68  pos=(166,427)  delta=(+0,+1)
2026-02-27 15:32:48,671  STEP  i=69  pos=(166,427)  delta=(+0,+0)
2026-02-27 15:32:48,671  STEP  i=70  pos=(166,428)  delta=(+0,+1)
2026-02-27 15:32:49,787  SNAP  final=(166,428)
2026-02-27 15:33:03,109  ARC  from=(166,428)  cp=(556,381)  to=(560,264)  steps=59  ms/step=18.0
2026-02-27 15:33:03,109  STEP  i=01  pos=(166,427)  delta=(+0,-1)
2026-02-27 15:33:03,109  STEP  i=02  pos=(168,427)  delta=(+2,+0)
2026-02-27 15:33:03,109  STEP  i=03  pos=(170,427)  delta=(+2,+0)
2026-02-27 15:33:03,109  STEP  i=04  pos=(174,426)  delta=(+4,-1)
2026-02-27 15:33:03,110  STEP  i=05  pos=(179,426)  delta=(+5,+0)
2026-02-27 15:33:03,110  STEP  i=06  pos=(185,425)  delta=(+6,-1)
2026-02-27 15:33:03,110  STEP  i=07  pos=(192,424)  delta=(+7,-1)
2026-02-27 15:33:03,110  STEP  i=08  pos=(200,423)  delta=(+8,-1)
2026-02-27 15:33:03,110  STEP  i=09  pos=(208,422)  delta=(+8,-1)
2026-02-27 15:33:03,110  STEP  i=10  pos=(218,421)  delta=(+10,-1)
2026-02-27 15:33:03,110  STEP  i=11  pos=(228,419)  delta=(+10,-2)
2026-02-27 15:33:03,110  STEP  i=12  pos=(239,418)  delta=(+11,-1)
2026-02-27 15:33:03,111  STEP  i=13  pos=(250,416)  delta=(+11,-2)
2026-02-27 15:33:03,111  STEP  i=14  pos=(262,414)  delta=(+12,-2)
2026-02-27 15:33:03,111  STEP  i=15  pos=(275,412)  delta=(+13,-2)
2026-02-27 15:33:03,111  STEP  i=16  pos=(287,409)  delta=(+12,-3)
2026-02-27 15:33:03,111  STEP  i=17  pos=(301,407)  delta=(+14,-2)
2026-02-27 15:33:03,111  STEP  i=18  pos=(314,404)  delta=(+13,-3)
2026-02-27 15:33:03,111  STEP  i=19  pos=(327,402)  delta=(+13,-2)
2026-02-27 15:33:03,111  STEP  i=20  pos=(341,399)  delta=(+14,-3)
2026-02-27 15:33:03,111  STEP  i=21  pos=(354,396)  delta=(+13,-3)
2026-02-27 15:33:03,113  STEP  i=22  pos=(368,392)  delta=(+14,-4)
2026-02-27 15:33:03,113  STEP  i=23  pos=(381,389)  delta=(+13,-3)
2026-02-27 15:33:03,113  STEP  i=24  pos=(394,385)  delta=(+13,-4)
2026-02-27 15:33:03,113  STEP  i=25  pos=(407,381)  delta=(+13,-4)
2026-02-27 15:33:03,113  STEP  i=26  pos=(419,378)  delta=(+12,-3)
2026-02-27 15:33:03,113  STEP  i=27  pos=(431,374)  delta=(+12,-4)
2026-02-27 15:33:03,113  STEP  i=28  pos=(443,369)  delta=(+12,-5)
2026-02-27 15:33:03,113  STEP  i=29  pos=(454,365)  delta=(+11,-4)
2026-02-27 15:33:03,114  STEP  i=30  pos=(464,361)  delta=(+10,-4)
2026-02-27 15:33:03,114  STEP  i=31  pos=(474,356)  delta=(+10,-5)
2026-02-27 15:33:03,114  STEP  i=32  pos=(483,352)  delta=(+9,-4)
2026-02-27 15:33:03,114  STEP  i=33  pos=(492,347)  delta=(+9,-5)
2026-02-27 15:33:03,114  STEP  i=34  pos=(500,343)  delta=(+8,-4)
2026-02-27 15:33:03,114  STEP  i=35  pos=(508,338)  delta=(+8,-5)
2026-02-27 15:33:03,114  STEP  i=36  pos=(515,333)  delta=(+7,-5)
2026-02-27 15:33:03,115  STEP  i=37  pos=(521,328)  delta=(+6,-5)
2026-02-27 15:33:03,115  STEP  i=38  pos=(527,324)  delta=(+6,-4)
2026-02-27 15:33:03,115  STEP  i=39  pos=(532,319)  delta=(+5,-5)
2026-02-27 15:33:03,115  STEP  i=40  pos=(536,315)  delta=(+4,-4)
2026-02-27 15:33:03,115  STEP  i=41  pos=(540,310)  delta=(+4,-5)
2026-02-27 15:33:03,115  STEP  i=42  pos=(544,306)  delta=(+4,-4)
2026-02-27 15:33:03,115  STEP  i=43  pos=(547,301)  delta=(+3,-5)
2026-02-27 15:33:03,115  STEP  i=44  pos=(549,297)  delta=(+2,-4)
2026-02-27 15:33:03,116  STEP  i=45  pos=(552,293)  delta=(+3,-4)
2026-02-27 15:33:03,116  STEP  i=46  pos=(553,290)  delta=(+1,-3)
2026-02-27 15:33:03,116  STEP  i=47  pos=(555,286)  delta=(+2,-4)
2026-02-27 15:33:03,116  STEP  i=48  pos=(556,283)  delta=(+1,-3)
2026-02-27 15:33:03,116  STEP  i=49  pos=(557,279)  delta=(+1,-4)
2026-02-27 15:33:03,116  STEP  i=50  pos=(558,276)  delta=(+1,-3)
2026-02-27 15:33:03,116  STEP  i=51  pos=(558,274)  delta=(+0,-2)
2026-02-27 15:33:03,116  STEP  i=52  pos=(559,271)  delta=(+1,-3)
2026-02-27 15:33:03,117  STEP  i=53  pos=(559,269)  delta=(+0,-2)
2026-02-27 15:33:03,117  STEP  i=54  pos=(559,268)  delta=(+0,-1)
2026-02-27 15:33:03,117  STEP  i=55  pos=(559,266)  delta=(+0,-2)
2026-02-27 15:33:03,117  STEP  i=56  pos=(559,265)  delta=(+0,-1)
2026-02-27 15:33:03,117  STEP  i=57  pos=(559,264)  delta=(+0,-1)
2026-02-27 15:33:03,117  STEP  i=58  pos=(559,264)  delta=(+0,+0)
2026-02-27 15:33:03,117  STEP  i=59  pos=(560,264)  delta=(+1,+0)
2026-02-27 15:33:04,323  SNAP  final=(560,264)
2026-02-27 15:33:14,099  ARC  from=(560,264)  cp=(452,442)  to=(311,723)  steps=87  ms/step=14.6
2026-02-27 15:33:14,099  STEP  i=01  pos=(559,264)  delta=(-1,+0)
2026-02-27 15:33:14,099  STEP  i=02  pos=(559,264)  delta=(+0,+0)
2026-02-27 15:33:14,099  STEP  i=03  pos=(559,265)  delta=(+0,+1)
2026-02-27 15:33:14,099  STEP  i=04  pos=(558,265)  delta=(-1,+0)
2026-02-27 15:33:14,099  STEP  i=05  pos=(558,266)  delta=(+0,+1)
2026-02-27 15:33:14,099  STEP  i=06  pos=(557,268)  delta=(-1,+2)
2026-02-27 15:33:14,099  STEP  i=07  pos=(556,269)  delta=(-1,+1)
2026-02-27 15:33:14,099  STEP  i=08  pos=(555,271)  delta=(-1,+2)
2026-02-27 15:33:14,099  STEP  i=09  pos=(554,273)  delta=(-1,+2)
2026-02-27 15:33:14,099  STEP  i=10  pos=(553,275)  delta=(-1,+2)
2026-02-27 15:33:14,099  STEP  i=11  pos=(551,278)  delta=(-2,+3)
2026-02-27 15:33:14,099  STEP  i=12  pos=(549,280)  delta=(-2,+2)
2026-02-27 15:33:14,099  STEP  i=13  pos=(548,283)  delta=(-1,+3)
2026-02-27 15:33:14,099  STEP  i=14  pos=(546,286)  delta=(-2,+3)
2026-02-27 15:33:14,099  STEP  i=15  pos=(544,290)  delta=(-2,+4)
2026-02-27 15:33:14,099  STEP  i=16  pos=(542,293)  delta=(-2,+3)
2026-02-27 15:33:14,099  STEP  i=17  pos=(540,297)  delta=(-2,+4)
2026-02-27 15:33:14,099  STEP  i=18  pos=(537,301)  delta=(-3,+4)
2026-02-27 15:33:14,099  STEP  i=19  pos=(535,305)  delta=(-2,+4)
2026-02-27 15:33:14,099  STEP  i=20  pos=(532,310)  delta=(-3,+5)
2026-02-27 15:33:14,099  STEP  i=21  pos=(529,314)  delta=(-3,+4)
2026-02-27 15:33:14,099  STEP  i=22  pos=(526,319)  delta=(-3,+5)
2026-02-27 15:33:14,099  STEP  i=23  pos=(523,324)  delta=(-3,+5)
2026-02-27 15:33:14,099  STEP  i=24  pos=(520,329)  delta=(-3,+5)
2026-02-27 15:33:14,099  STEP  i=25  pos=(517,335)  delta=(-3,+6)
2026-02-27 15:33:14,099  STEP  i=26  pos=(514,341)  delta=(-3,+6)
2026-02-27 15:33:14,099  STEP  i=27  pos=(511,347)  delta=(-3,+6)
2026-02-27 15:33:14,099  STEP  i=28  pos=(507,353)  delta=(-4,+6)
2026-02-27 15:33:14,099  STEP  i=29  pos=(503,359)  delta=(-4,+6)
2026-02-27 15:33:14,099  STEP  i=30  pos=(500,365)  delta=(-3,+6)
2026-02-27 15:33:14,099  STEP  i=31  pos=(496,372)  delta=(-4,+7)
2026-02-27 15:33:14,099  STEP  i=32  pos=(492,379)  delta=(-4,+7)
2026-02-27 15:33:14,099  STEP  i=33  pos=(488,386)  delta=(-4,+7)
2026-02-27 15:33:14,099  STEP  i=34  pos=(484,393)  delta=(-4,+7)
2026-02-27 15:33:14,099  STEP  i=35  pos=(480,400)  delta=(-4,+7)
2026-02-27 15:33:14,099  STEP  i=36  pos=(476,408)  delta=(-4,+8)
2026-02-27 15:33:14,099  STEP  i=37  pos=(472,415)  delta=(-4,+7)
2026-02-27 15:33:14,099  STEP  i=38  pos=(467,423)  delta=(-5,+8)
2026-02-27 15:33:14,099  STEP  i=39  pos=(463,431)  delta=(-4,+8)
2026-02-27 15:33:14,099  STEP  i=40  pos=(459,439)  delta=(-4,+8)
2026-02-27 15:33:14,099  STEP  i=41  pos=(454,447)  delta=(-5,+8)
2026-02-27 15:33:14,099  STEP  i=42  pos=(450,455)  delta=(-4,+8)
2026-02-27 15:33:14,099  STEP  i=43  pos=(445,463)  delta=(-5,+8)
2026-02-27 15:33:14,099  STEP  i=44  pos=(441,471)  delta=(-4,+8)
2026-02-27 15:33:14,099  STEP  i=45  pos=(436,480)  delta=(-5,+9)
2026-02-27 15:33:14,099  STEP  i=46  pos=(432,488)  delta=(-4,+8)
2026-02-27 15:33:14,107  STEP  i=47  pos=(427,497)  delta=(-5,+9)
2026-02-27 15:33:14,107  STEP  i=48  pos=(423,505)  delta=(-4,+8)
2026-02-27 15:33:14,107  STEP  i=49  pos=(418,514)  delta=(-5,+9)
2026-02-27 15:33:14,107  STEP  i=50  pos=(414,522)  delta=(-4,+8)
2026-02-27 15:33:14,107  STEP  i=51  pos=(409,530)  delta=(-5,+8)
2026-02-27 15:33:14,107  STEP  i=52  pos=(405,539)  delta=(-4,+9)
2026-02-27 15:33:14,107  STEP  i=53  pos=(400,547)  delta=(-5,+8)
2026-02-27 15:33:14,107  STEP  i=54  pos=(396,556)  delta=(-4,+9)
2026-02-27 15:33:14,107  STEP  i=55  pos=(392,564)  delta=(-4,+8)
2026-02-27 15:33:14,107  STEP  i=56  pos=(387,572)  delta=(-5,+8)
2026-02-27 15:33:14,107  STEP  i=57  pos=(383,580)  delta=(-4,+8)
2026-02-27 15:33:14,107  STEP  i=58  pos=(379,588)  delta=(-4,+8)
2026-02-27 15:33:14,107  STEP  i=59  pos=(375,596)  delta=(-4,+8)
2026-02-27 15:33:14,107  STEP  i=60  pos=(371,604)  delta=(-4,+8)
2026-02-27 15:33:14,107  STEP  i=61  pos=(367,612)  delta=(-4,+8)
2026-02-27 15:33:14,107  STEP  i=62  pos=(363,619)  delta=(-4,+7)
2026-02-27 15:33:14,107  STEP  i=63  pos=(359,627)  delta=(-4,+8)
2026-02-27 15:33:14,107  STEP  i=64  pos=(356,634)  delta=(-3,+7)
2026-02-27 15:33:14,107  STEP  i=65  pos=(352,641)  delta=(-4,+7)
2026-02-27 15:33:14,107  STEP  i=66  pos=(349,647)  delta=(-3,+6)
2026-02-27 15:33:14,107  STEP  i=67  pos=(345,654)  delta=(-4,+7)
2026-02-27 15:33:14,107  STEP  i=68  pos=(342,660)  delta=(-3,+6)
2026-02-27 15:33:14,107  STEP  i=69  pos=(339,666)  delta=(-3,+6)
2026-02-27 15:33:14,107  STEP  i=70  pos=(336,672)  delta=(-3,+6)
2026-02-27 15:33:14,107  STEP  i=71  pos=(333,678)  delta=(-3,+6)
2026-02-27 15:33:14,107  STEP  i=72  pos=(331,683)  delta=(-2,+5)
2026-02-27 15:33:14,107  STEP  i=73  pos=(328,688)  delta=(-3,+5)
2026-02-27 15:33:14,107  STEP  i=74  pos=(326,692)  delta=(-2,+4)
2026-02-27 15:33:14,107  STEP  i=75  pos=(323,697)  delta=(-3,+5)
2026-02-27 15:33:14,107  STEP  i=76  pos=(321,701)  delta=(-2,+4)
2026-02-27 15:33:14,107  STEP  i=77  pos=(320,704)  delta=(-1,+3)
2026-02-27 15:33:14,107  STEP  i=78  pos=(318,708)  delta=(-2,+4)
2026-02-27 15:33:14,107  STEP  i=79  pos=(316,711)  delta=(-2,+3)
2026-02-27 15:33:14,107  STEP  i=80  pos=(315,714)  delta=(-1,+3)
2026-02-27 15:33:14,107  STEP  i=81  pos=(314,716)  delta=(-1,+2)
2026-02-27 15:33:14,107  STEP  i=82  pos=(313,718)  delta=(-1,+2)
2026-02-27 15:33:14,107  STEP  i=83  pos=(312,720)  delta=(-1,+2)
2026-02-27 15:33:14,107  STEP  i=84  pos=(311,721)  delta=(-1,+1)
2026-02-27 15:33:14,107  STEP  i=85  pos=(311,722)  delta=(+0,+1)
2026-02-27 15:33:14,107  STEP  i=86  pos=(311,722)  delta=(+0,+0)
2026-02-27 15:33:14,107  STEP  i=87  pos=(311,723)  delta=(+0,+1)
2026-02-27 15:33:15,860  SNAP  final=(311,723)
2026-02-27 15:33:25,186  ARC  from=(311,598)  cp=(225,450)  to=(83,299)  steps=84  ms/step=17.2
2026-02-27 15:33:25,186  STEP  i=01  pos=(310,597)  delta=(-1,-1)
2026-02-27 15:33:25,186  STEP  i=02  pos=(310,597)  delta=(+0,+0)
2026-02-27 15:33:25,186  STEP  i=03  pos=(310,597)  delta=(+0,+0)
2026-02-27 15:33:25,186  STEP  i=04  pos=(310,596)  delta=(+0,-1)
2026-02-27 15:33:25,187  STEP  i=05  pos=(309,595)  delta=(-1,-1)
2026-02-27 15:33:25,187  STEP  i=06  pos=(308,594)  delta=(-1,-1)
2026-02-27 15:33:25,187  STEP  i=07  pos=(308,592)  delta=(+0,-2)
2026-02-27 15:33:25,187  STEP  i=08  pos=(307,591)  delta=(-1,-1)
2026-02-27 15:33:25,187  STEP  i=09  pos=(306,589)  delta=(-1,-2)
2026-02-27 15:33:25,187  STEP  i=10  pos=(304,587)  delta=(-2,-2)
2026-02-27 15:33:25,187  STEP  i=11  pos=(303,585)  delta=(-1,-2)
2026-02-27 15:33:25,188  STEP  i=12  pos=(302,583)  delta=(-1,-2)
2026-02-27 15:33:25,188  STEP  i=13  pos=(300,580)  delta=(-2,-3)
2026-02-27 15:33:25,188  STEP  i=14  pos=(299,578)  delta=(-1,-2)
2026-02-27 15:33:25,188  STEP  i=15  pos=(297,575)  delta=(-2,-3)
2026-02-27 15:33:25,188  STEP  i=16  pos=(295,572)  delta=(-2,-3)
2026-02-27 15:33:25,188  STEP  i=17  pos=(293,569)  delta=(-2,-3)
2026-02-27 15:33:25,188  STEP  i=18  pos=(291,565)  delta=(-2,-4)
2026-02-27 15:33:25,188  STEP  i=19  pos=(289,562)  delta=(-2,-3)
2026-02-27 15:33:25,189  STEP  i=20  pos=(287,558)  delta=(-2,-4)
2026-02-27 15:33:25,189  STEP  i=21  pos=(284,554)  delta=(-3,-4)
2026-02-27 15:33:25,189  STEP  i=22  pos=(282,550)  delta=(-2,-4)
2026-02-27 15:33:25,189  STEP  i=23  pos=(279,546)  delta=(-3,-4)
2026-02-27 15:33:25,189  STEP  i=24  pos=(276,542)  delta=(-3,-4)
2026-02-27 15:33:25,189  STEP  i=25  pos=(273,537)  delta=(-3,-5)
2026-02-27 15:33:25,189  STEP  i=26  pos=(270,533)  delta=(-3,-4)
2026-02-27 15:33:25,190  STEP  i=27  pos=(267,528)  delta=(-3,-5)
2026-02-27 15:33:25,190  STEP  i=28  pos=(264,523)  delta=(-3,-5)
2026-02-27 15:33:25,190  STEP  i=29  pos=(261,518)  delta=(-3,-5)
2026-02-27 15:33:25,190  STEP  i=30  pos=(257,513)  delta=(-4,-5)
2026-02-27 15:33:25,190  STEP  i=31  pos=(254,508)  delta=(-3,-5)
2026-02-27 15:33:25,190  STEP  i=32  pos=(250,503)  delta=(-4,-5)
2026-02-27 15:33:25,190  STEP  i=33  pos=(247,498)  delta=(-3,-5)
2026-02-27 15:33:25,191  STEP  i=34  pos=(243,493)  delta=(-4,-5)
2026-02-27 15:33:25,191  STEP  i=35  pos=(239,487)  delta=(-4,-6)
2026-02-27 15:33:25,191  STEP  i=36  pos=(235,482)  delta=(-4,-5)
2026-02-27 15:33:25,191  STEP  i=37  pos=(231,477)  delta=(-4,-5)
2026-02-27 15:33:25,191  STEP  i=38  pos=(227,471)  delta=(-4,-6)
2026-02-27 15:33:25,191  STEP  i=39  pos=(223,465)  delta=(-4,-6)
2026-02-27 15:33:25,191  STEP  i=40  pos=(219,460)  delta=(-4,-5)
2026-02-27 15:33:25,191  STEP  i=41  pos=(215,454)  delta=(-4,-6)
2026-02-27 15:33:25,192  STEP  i=42  pos=(211,449)  delta=(-4,-5)
2026-02-27 15:33:25,192  STEP  i=43  pos=(206,443)  delta=(-5,-6)
2026-02-27 15:33:25,192  STEP  i=44  pos=(202,438)  delta=(-4,-5)
2026-02-27 15:33:25,192  STEP  i=45  pos=(198,432)  delta=(-4,-6)
2026-02-27 15:33:25,192  STEP  i=46  pos=(193,426)  delta=(-5,-6)
2026-02-27 15:33:25,192  STEP  i=47  pos=(189,421)  delta=(-4,-5)
2026-02-27 15:33:25,192  STEP  i=48  pos=(184,415)  delta=(-5,-6)
2026-02-27 15:33:25,193  STEP  i=49  pos=(180,410)  delta=(-4,-5)
2026-02-27 15:33:25,193  STEP  i=50  pos=(176,405)  delta=(-4,-5)
2026-02-27 15:33:25,193  STEP  i=51  pos=(171,399)  delta=(-5,-6)
2026-02-27 15:33:25,193  STEP  i=52  pos=(167,394)  delta=(-4,-5)
2026-02-27 15:33:25,193  STEP  i=53  pos=(163,389)  delta=(-4,-5)
2026-02-27 15:33:25,193  STEP  i=54  pos=(158,384)  delta=(-5,-5)
2026-02-27 15:33:25,193  STEP  i=55  pos=(154,379)  delta=(-4,-5)
2026-02-27 15:33:25,194  STEP  i=56  pos=(150,374)  delta=(-4,-5)
2026-02-27 15:33:25,194  STEP  i=57  pos=(146,369)  delta=(-4,-5)
2026-02-27 15:33:25,194  STEP  i=58  pos=(142,364)  delta=(-4,-5)
2026-02-27 15:33:25,194  STEP  i=59  pos=(138,360)  delta=(-4,-4)
2026-02-27 15:33:25,194  STEP  i=60  pos=(134,355)  delta=(-4,-5)
2026-02-27 15:33:25,194  STEP  i=61  pos=(130,351)  delta=(-4,-4)
2026-02-27 15:33:25,194  STEP  i=62  pos=(126,347)  delta=(-4,-4)
2026-02-27 15:33:25,194  STEP  i=63  pos=(123,343)  delta=(-3,-4)
2026-02-27 15:33:25,195  STEP  i=64  pos=(119,339)  delta=(-4,-4)
2026-02-27 15:33:25,195  STEP  i=65  pos=(116,335)  delta=(-3,-4)
2026-02-27 15:33:25,195  STEP  i=66  pos=(113,331)  delta=(-3,-4)
2026-02-27 15:33:25,195  STEP  i=67  pos=(110,328)  delta=(-3,-3)
2026-02-27 15:33:25,195  STEP  i=68  pos=(107,325)  delta=(-3,-3)
2026-02-27 15:33:25,195  STEP  i=69  pos=(104,322)  delta=(-3,-3)
2026-02-27 15:33:25,195  STEP  i=70  pos=(101,319)  delta=(-3,-3)
2026-02-27 15:33:25,196  STEP  i=71  pos=(99,316)  delta=(-2,-3)
2026-02-27 15:33:25,196  STEP  i=72  pos=(96,313)  delta=(-3,-3)
2026-02-27 15:33:25,196  STEP  i=73  pos=(94,311)  delta=(-2,-2)
2026-02-27 15:33:25,196  STEP  i=74  pos=(92,309)  delta=(-2,-2)
2026-02-27 15:33:25,196  STEP  i=75  pos=(90,307)  delta=(-2,-2)
2026-02-27 15:33:25,196  STEP  i=76  pos=(89,305)  delta=(-1,-2)
2026-02-27 15:33:25,196  STEP  i=77  pos=(87,304)  delta=(-2,-1)
2026-02-27 15:33:25,196  STEP  i=78  pos=(86,302)  delta=(-1,-2)
2026-02-27 15:33:25,197  STEP  i=79  pos=(85,301)  delta=(-1,-1)
2026-02-27 15:33:25,197  STEP  i=80  pos=(84,300)  delta=(-1,-1)
2026-02-27 15:33:25,197  STEP  i=81  pos=(83,299)  delta=(-1,-1)
2026-02-27 15:33:25,197  STEP  i=82  pos=(83,299)  delta=(+0,+0)
2026-02-27 15:33:25,197  STEP  i=83  pos=(83,299)  delta=(+0,+0)
2026-02-27 15:33:25,197  STEP  i=84  pos=(83,299)  delta=(+0,+0)
2026-02-27 15:33:27,102  SNAP  final=(83,299)
2026-02-27 15:33:33,446  ARC  from=(83,299)  cp=(84,299)  to=(83,298)  steps=66  ms/step=14.1
2026-02-27 15:33:33,446  STEP  i=01  pos=(83,298)  delta=(+0,-1)
2026-02-27 15:33:33,446  STEP  i=02  pos=(83,298)  delta=(+0,+0)
2026-02-27 15:33:33,446  STEP  i=03  pos=(83,298)  delta=(+0,+0)
2026-02-27 15:33:33,446  STEP  i=04  pos=(83,298)  delta=(+0,+0)
2026-02-27 15:33:33,446  STEP  i=05  pos=(83,298)  delta=(+0,+0)
2026-02-27 15:33:33,447  STEP  i=06  pos=(83,298)  delta=(+0,+0)
2026-02-27 15:33:33,447  STEP  i=07  pos=(83,298)  delta=(+0,+0)
2026-02-27 15:33:33,447  STEP  i=08  pos=(83,298)  delta=(+0,+0)
2026-02-27 15:33:33,447  STEP  i=09  pos=(83,298)  delta=(+0,+0)
2026-02-27 15:33:33,447  STEP  i=10  pos=(83,298)  delta=(+0,+0)
2026-02-27 15:33:33,447  STEP  i=11  pos=(83,298)  delta=(+0,+0)
2026-02-27 15:33:33,447  STEP  i=12  pos=(83,298)  delta=(+0,+0)
2026-02-27 15:33:33,447  STEP  i=13  pos=(83,298)  delta=(+0,+0)
2026-02-27 15:33:33,447  STEP  i=14  pos=(83,298)  delta=(+0,+0)
2026-02-27 15:33:33,447  STEP  i=15  pos=(83,298)  delta=(+0,+0)
2026-02-27 15:33:33,447  STEP  i=16  pos=(83,298)  delta=(+0,+0)
2026-02-27 15:33:33,447  STEP  i=17  pos=(83,298)  delta=(+0,+0)
2026-02-27 15:33:33,447  STEP  i=18  pos=(83,298)  delta=(+0,+0)
2026-02-27 15:33:33,447  STEP  i=19  pos=(83,298)  delta=(+0,+0)
2026-02-27 15:33:33,447  STEP  i=20  pos=(83,298)  delta=(+0,+0)
2026-02-27 15:33:33,447  STEP  i=21  pos=(83,298)  delta=(+0,+0)
2026-02-27 15:33:33,449  STEP  i=22  pos=(83,298)  delta=(+0,+0)
2026-02-27 15:33:33,449  STEP  i=23  pos=(83,298)  delta=(+0,+0)
2026-02-27 15:33:33,449  STEP  i=24  pos=(83,298)  delta=(+0,+0)
2026-02-27 15:33:33,449  STEP  i=25  pos=(83,298)  delta=(+0,+0)
2026-02-27 15:33:33,449  STEP  i=26  pos=(83,298)  delta=(+0,+0)
2026-02-27 15:33:33,449  STEP  i=27  pos=(83,298)  delta=(+0,+0)
2026-02-27 15:33:33,449  STEP  i=28  pos=(83,298)  delta=(+0,+0)
2026-02-27 15:33:33,449  STEP  i=29  pos=(83,298)  delta=(+0,+0)
2026-02-27 15:33:33,449  STEP  i=30  pos=(83,298)  delta=(+0,+0)
2026-02-27 15:33:33,449  STEP  i=31  pos=(83,298)  delta=(+0,+0)
2026-02-27 15:33:33,449  STEP  i=32  pos=(83,298)  delta=(+0,+0)
2026-02-27 15:33:33,450  STEP  i=33  pos=(83,298)  delta=(+0,+0)
2026-02-27 15:33:33,450  STEP  i=34  pos=(83,298)  delta=(+0,+0)
2026-02-27 15:33:33,450  STEP  i=35  pos=(83,298)  delta=(+0,+0)
2026-02-27 15:33:33,450  STEP  i=36  pos=(83,298)  delta=(+0,+0)
2026-02-27 15:33:33,450  STEP  i=37  pos=(83,298)  delta=(+0,+0)
2026-02-27 15:33:33,450  STEP  i=38  pos=(83,298)  delta=(+0,+0)
2026-02-27 15:33:33,450  STEP  i=39  pos=(83,298)  delta=(+0,+0)
2026-02-27 15:33:33,450  STEP  i=40  pos=(83,298)  delta=(+0,+0)
2026-02-27 15:33:33,450  STEP  i=41  pos=(83,298)  delta=(+0,+0)
2026-02-27 15:33:33,450  STEP  i=42  pos=(83,298)  delta=(+0,+0)
2026-02-27 15:33:33,450  STEP  i=43  pos=(83,298)  delta=(+0,+0)
2026-02-27 15:33:33,450  STEP  i=44  pos=(83,298)  delta=(+0,+0)
2026-02-27 15:33:33,450  STEP  i=45  pos=(83,298)  delta=(+0,+0)
2026-02-27 15:33:33,450  STEP  i=46  pos=(83,298)  delta=(+0,+0)
2026-02-27 15:33:33,450  STEP  i=47  pos=(83,298)  delta=(+0,+0)
2026-02-27 15:33:33,450  STEP  i=48  pos=(83,298)  delta=(+0,+0)
2026-02-27 15:33:33,450  STEP  i=49  pos=(83,298)  delta=(+0,+0)
2026-02-27 15:33:33,450  STEP  i=50  pos=(83,298)  delta=(+0,+0)
2026-02-27 15:33:33,450  STEP  i=51  pos=(83,298)  delta=(+0,+0)
2026-02-27 15:33:33,450  STEP  i=52  pos=(83,298)  delta=(+0,+0)
2026-02-27 15:33:33,451  STEP  i=53  pos=(83,298)  delta=(+0,+0)
2026-02-27 15:33:33,451  STEP  i=54  pos=(83,298)  delta=(+0,+0)
2026-02-27 15:33:33,451  STEP  i=55  pos=(83,298)  delta=(+0,+0)
2026-02-27 15:33:33,451  STEP  i=56  pos=(83,298)  delta=(+0,+0)
2026-02-27 15:33:33,451  STEP  i=57  pos=(83,298)  delta=(+0,+0)
2026-02-27 15:33:33,451  STEP  i=58  pos=(83,298)  delta=(+0,+0)
2026-02-27 15:33:33,451  STEP  i=59  pos=(83,298)  delta=(+0,+0)
2026-02-27 15:33:33,451  STEP  i=60  pos=(83,298)  delta=(+0,+0)
2026-02-27 15:33:33,453  STEP  i=61  pos=(83,298)  delta=(+0,+0)
2026-02-27 15:33:33,453  STEP  i=62  pos=(83,298)  delta=(+0,+0)
2026-02-27 15:33:33,453  STEP  i=63  pos=(83,298)  delta=(+0,+0)
2026-02-27 15:33:33,453  STEP  i=64  pos=(83,298)  delta=(+0,+0)
2026-02-27 15:33:33,453  STEP  i=65  pos=(83,298)  delta=(+0,+0)
2026-02-27 15:33:33,454  STEP  i=66  pos=(83,298)  delta=(+0,+0)
2026-02-27 15:33:34,823  SNAP  final=(83,298)
2026-02-27 15:33:53,372  ARC  from=(83,298)  cp=(155,205)  to=(303,187)  steps=42  ms/step=16.4
2026-02-27 15:33:53,372  STEP  i=01  pos=(83,297)  delta=(+0,-1)
2026-02-27 15:33:53,372  STEP  i=02  pos=(83,296)  delta=(+0,-1)
2026-02-27 15:33:53,372  STEP  i=03  pos=(84,295)  delta=(+1,-1)
2026-02-27 15:33:53,373  STEP  i=04  pos=(86,293)  delta=(+2,-2)
2026-02-27 15:33:53,373  STEP  i=05  pos=(88,291)  delta=(+2,-2)
2026-02-27 15:33:53,373  STEP  i=06  pos=(90,288)  delta=(+2,-3)
2026-02-27 15:33:53,373  STEP  i=07  pos=(92,285)  delta=(+2,-3)
2026-02-27 15:33:53,373  STEP  i=08  pos=(96,282)  delta=(+4,-3)
2026-02-27 15:33:53,373  STEP  i=09  pos=(99,278)  delta=(+3,-4)
2026-02-27 15:33:53,373  STEP  i=10  pos=(103,274)  delta=(+4,-4)
2026-02-27 15:33:53,373  STEP  i=11  pos=(107,270)  delta=(+4,-4)
2026-02-27 15:33:53,374  STEP  i=12  pos=(112,265)  delta=(+5,-5)
2026-02-27 15:33:53,374  STEP  i=13  pos=(118,260)  delta=(+6,-5)
2026-02-27 15:33:53,374  STEP  i=14  pos=(123,256)  delta=(+5,-4)
2026-02-27 15:33:53,374  STEP  i=15  pos=(129,251)  delta=(+6,-5)
2026-02-27 15:33:53,374  STEP  i=16  pos=(136,246)  delta=(+7,-5)
2026-02-27 15:33:53,374  STEP  i=17  pos=(143,241)  delta=(+7,-5)
2026-02-27 15:33:53,374  STEP  i=18  pos=(150,237)  delta=(+7,-4)
2026-02-27 15:33:53,375  STEP  i=19  pos=(158,232)  delta=(+8,-5)
2026-02-27 15:33:53,375  STEP  i=20  pos=(165,228)  delta=(+7,-4)
2026-02-27 15:33:53,375  STEP  i=21  pos=(173,223)  delta=(+8,-5)
2026-02-27 15:33:53,375  STEP  i=22  pos=(182,219)  delta=(+9,-4)
2026-02-27 15:33:53,375  STEP  i=23  pos=(190,215)  delta=(+8,-4)
2026-02-27 15:33:53,375  STEP  i=24  pos=(199,212)  delta=(+9,-3)
2026-02-27 15:33:53,375  STEP  i=25  pos=(208,209)  delta=(+9,-3)
2026-02-27 15:33:53,375  STEP  i=26  pos=(216,205)  delta=(+8,-4)
2026-02-27 15:33:53,375  STEP  i=27  pos=(225,203)  delta=(+9,-2)
2026-02-27 15:33:53,375  STEP  i=28  pos=(233,200)  delta=(+8,-3)
2026-02-27 15:33:53,375  STEP  i=29  pos=(241,198)  delta=(+8,-2)
2026-02-27 15:33:53,377  STEP  i=30  pos=(249,196)  delta=(+8,-2)
2026-02-27 15:33:53,377  STEP  i=31  pos=(257,194)  delta=(+8,-2)
2026-02-27 15:33:53,377  STEP  i=32  pos=(264,193)  delta=(+7,-1)
2026-02-27 15:33:53,377  STEP  i=33  pos=(271,191)  delta=(+7,-2)
2026-02-27 15:33:53,377  STEP  i=34  pos=(277,190)  delta=(+6,-1)
2026-02-27 15:33:53,377  STEP  i=35  pos=(283,189)  delta=(+6,-1)
2026-02-27 15:33:53,377  STEP  i=36  pos=(288,188)  delta=(+5,-1)
2026-02-27 15:33:53,378  STEP  i=37  pos=(292,188)  delta=(+4,+0)
2026-02-27 15:33:53,378  STEP  i=38  pos=(296,187)  delta=(+4,-1)
2026-02-27 15:33:53,378  STEP  i=39  pos=(299,187)  delta=(+3,+0)
2026-02-27 15:33:53,378  STEP  i=40  pos=(301,187)  delta=(+2,+0)
2026-02-27 15:33:53,378  STEP  i=41  pos=(302,187)  delta=(+1,+0)
2026-02-27 15:33:53,378  STEP  i=42  pos=(303,187)  delta=(+1,+0)
2026-02-27 15:33:54,186  SNAP  final=(303,187)
2026-02-27 15:33:57,234  ARC  from=(303,187)  cp=(205,196)  to=(134,214)  steps=70  ms/step=17.6
2026-02-27 15:33:57,234  STEP  i=01  pos=(302,187)  delta=(-1,+0)
2026-02-27 15:33:57,234  STEP  i=02  pos=(302,187)  delta=(+0,+0)
2026-02-27 15:33:57,235  STEP  i=03  pos=(302,187)  delta=(+0,+0)
2026-02-27 15:33:57,235  STEP  i=04  pos=(301,187)  delta=(-1,+0)
2026-02-27 15:33:57,235  STEP  i=05  pos=(300,187)  delta=(-1,+0)
2026-02-27 15:33:57,235  STEP  i=06  pos=(299,187)  delta=(-1,+0)
2026-02-27 15:33:57,235  STEP  i=07  pos=(298,187)  delta=(-1,+0)
2026-02-27 15:33:57,235  STEP  i=08  pos=(296,187)  delta=(-2,+0)
2026-02-27 15:33:57,235  STEP  i=09  pos=(295,187)  delta=(-1,+0)
2026-02-27 15:33:57,236  STEP  i=10  pos=(293,187)  delta=(-2,+0)
2026-02-27 15:33:57,236  STEP  i=11  pos=(291,188)  delta=(-2,+1)
2026-02-27 15:33:57,236  STEP  i=12  pos=(289,188)  delta=(-2,+0)
2026-02-27 15:33:57,236  STEP  i=13  pos=(286,188)  delta=(-3,+0)
2026-02-27 15:33:57,236  STEP  i=14  pos=(284,188)  delta=(-2,+0)
2026-02-27 15:33:57,236  STEP  i=15  pos=(281,189)  delta=(-3,+1)
2026-02-27 15:33:57,236  STEP  i=16  pos=(279,189)  delta=(-2,+0)
2026-02-27 15:33:57,237  STEP  i=17  pos=(276,189)  delta=(-3,+0)
2026-02-27 15:33:57,237  STEP  i=18  pos=(273,189)  delta=(-3,+0)
2026-02-27 15:33:57,237  STEP  i=19  pos=(270,190)  delta=(-3,+1)
2026-02-27 15:33:57,237  STEP  i=20  pos=(267,190)  delta=(-3,+0)
2026-02-27 15:33:57,237  STEP  i=21  pos=(263,191)  delta=(-4,+1)
2026-02-27 15:33:57,237  STEP  i=22  pos=(260,191)  delta=(-3,+0)
2026-02-27 15:33:57,237  STEP  i=23  pos=(256,191)  delta=(-4,+0)
2026-02-27 15:33:57,237  STEP  i=24  pos=(253,192)  delta=(-3,+1)
2026-02-27 15:33:57,238  STEP  i=25  pos=(249,192)  delta=(-4,+0)
2026-02-27 15:33:57,238  STEP  i=26  pos=(246,193)  delta=(-3,+1)
2026-02-27 15:33:57,238  STEP  i=27  pos=(242,193)  delta=(-4,+0)
2026-02-27 15:33:57,238  STEP  i=28  pos=(238,194)  delta=(-4,+1)
2026-02-27 15:33:57,238  STEP  i=29  pos=(234,194)  delta=(-4,+0)
2026-02-27 15:33:57,238  STEP  i=30  pos=(230,195)  delta=(-4,+1)
2026-02-27 15:33:57,238  STEP  i=31  pos=(227,195)  delta=(-3,+0)
2026-02-27 15:33:57,239  STEP  i=32  pos=(223,196)  delta=(-4,+1)
2026-02-27 15:33:57,239  STEP  i=33  pos=(219,197)  delta=(-4,+1)
2026-02-27 15:33:57,239  STEP  i=34  pos=(215,197)  delta=(-4,+0)
2026-02-27 15:33:57,239  STEP  i=35  pos=(211,198)  delta=(-4,+1)
2026-02-27 15:33:57,239  STEP  i=36  pos=(207,198)  delta=(-4,+0)
2026-02-27 15:33:57,239  STEP  i=37  pos=(204,199)  delta=(-3,+1)
2026-02-27 15:33:57,239  STEP  i=38  pos=(200,200)  delta=(-4,+1)
2026-02-27 15:33:57,240  STEP  i=39  pos=(196,200)  delta=(-4,+0)
2026-02-27 15:33:57,240  STEP  i=40  pos=(193,201)  delta=(-3,+1)
2026-02-27 15:33:57,240  STEP  i=41  pos=(189,202)  delta=(-4,+1)
2026-02-27 15:33:57,240  STEP  i=42  pos=(186,202)  delta=(-3,+0)
2026-02-27 15:33:57,240  STEP  i=43  pos=(182,203)  delta=(-4,+1)
2026-02-27 15:33:57,240  STEP  i=44  pos=(179,203)  delta=(-3,+0)
2026-02-27 15:33:57,240  STEP  i=45  pos=(176,204)  delta=(-3,+1)
2026-02-27 15:33:57,240  STEP  i=46  pos=(173,205)  delta=(-3,+1)
2026-02-27 15:33:57,241  STEP  i=47  pos=(170,205)  delta=(-3,+0)
2026-02-27 15:33:57,241  STEP  i=48  pos=(167,206)  delta=(-3,+1)
2026-02-27 15:33:57,241  STEP  i=49  pos=(164,206)  delta=(-3,+0)
2026-02-27 15:33:57,241  STEP  i=50  pos=(161,207)  delta=(-3,+1)
2026-02-27 15:33:57,241  STEP  i=51  pos=(159,208)  delta=(-2,+1)
2026-02-27 15:33:57,241  STEP  i=52  pos=(156,208)  delta=(-3,+0)
2026-02-27 15:33:57,241  STEP  i=53  pos=(154,209)  delta=(-2,+1)
2026-02-27 15:33:57,242  STEP  i=54  pos=(151,209)  delta=(-3,+0)
2026-02-27 15:33:57,242  STEP  i=55  pos=(149,210)  delta=(-2,+1)
2026-02-27 15:33:57,242  STEP  i=56  pos=(147,210)  delta=(-2,+0)
2026-02-27 15:33:57,242  STEP  i=57  pos=(145,211)  delta=(-2,+1)
2026-02-27 15:33:57,242  STEP  i=58  pos=(144,211)  delta=(-1,+0)
2026-02-27 15:33:57,242  STEP  i=59  pos=(142,211)  delta=(-2,+0)
2026-02-27 15:33:57,242  STEP  i=60  pos=(141,212)  delta=(-1,+1)
2026-02-27 15:33:57,243  STEP  i=61  pos=(139,212)  delta=(-2,+0)
2026-02-27 15:33:57,243  STEP  i=62  pos=(138,212)  delta=(-1,+0)
2026-02-27 15:33:57,243  STEP  i=63  pos=(137,213)  delta=(-1,+1)
2026-02-27 15:33:57,243  STEP  i=64  pos=(136,213)  delta=(-1,+0)
2026-02-27 15:33:57,243  STEP  i=65  pos=(135,213)  delta=(-1,+0)
2026-02-27 15:33:57,243  STEP  i=66  pos=(135,213)  delta=(+0,+0)
2026-02-27 15:33:57,243  STEP  i=67  pos=(134,213)  delta=(-1,+0)
2026-02-27 15:33:57,243  STEP  i=68  pos=(134,213)  delta=(+0,+0)
2026-02-27 15:33:57,244  STEP  i=69  pos=(134,213)  delta=(+0,+0)
2026-02-27 15:33:57,244  STEP  i=70  pos=(134,214)  delta=(+0,+1)
2026-02-27 15:33:58,620  SNAP  final=(134,214)
2026-02-27 15:34:06,734  ARC  from=(134,214)  cp=(112,172)  to=(61,153)  steps=45  ms/step=14.5
2026-02-27 15:34:06,736  STEP  i=01  pos=(133,213)  delta=(-1,-1)
2026-02-27 15:34:06,736  STEP  i=02  pos=(133,213)  delta=(+0,+0)
2026-02-27 15:34:06,736  STEP  i=03  pos=(133,213)  delta=(+0,+0)
2026-02-27 15:34:06,736  STEP  i=04  pos=(133,212)  delta=(+0,-1)
2026-02-27 15:34:06,736  STEP  i=05  pos=(132,211)  delta=(-1,-1)
2026-02-27 15:34:06,736  STEP  i=06  pos=(132,210)  delta=(+0,-1)
2026-02-27 15:34:06,736  STEP  i=07  pos=(131,209)  delta=(-1,-1)
2026-02-27 15:34:06,736  STEP  i=08  pos=(130,207)  delta=(-1,-2)
2026-02-27 15:34:06,737  STEP  i=09  pos=(129,206)  delta=(-1,-1)
2026-02-27 15:34:06,737  STEP  i=10  pos=(128,204)  delta=(-1,-2)
2026-02-27 15:34:06,737  STEP  i=11  pos=(127,202)  delta=(-1,-2)
2026-02-27 15:34:06,737  STEP  i=12  pos=(125,200)  delta=(-2,-2)
2026-02-27 15:34:06,737  STEP  i=13  pos=(124,198)  delta=(-1,-2)
2026-02-27 15:34:06,737  STEP  i=14  pos=(122,196)  delta=(-2,-2)
2026-02-27 15:34:06,737  STEP  i=15  pos=(121,194)  delta=(-1,-2)
2026-02-27 15:34:06,738  STEP  i=16  pos=(119,192)  delta=(-2,-2)
2026-02-27 15:34:06,738  STEP  i=17  pos=(117,189)  delta=(-2,-3)
2026-02-27 15:34:06,738  STEP  i=18  pos=(115,187)  delta=(-2,-2)
2026-02-27 15:34:06,738  STEP  i=19  pos=(113,185)  delta=(-2,-2)
2026-02-27 15:34:06,738  STEP  i=20  pos=(110,183)  delta=(-3,-2)
2026-02-27 15:34:06,738  STEP  i=21  pos=(108,181)  delta=(-2,-2)
2026-02-27 15:34:06,738  STEP  i=22  pos=(106,178)  delta=(-2,-3)
2026-02-27 15:34:06,738  STEP  i=23  pos=(103,176)  delta=(-3,-2)
2026-02-27 15:34:06,739  STEP  i=24  pos=(100,174)  delta=(-3,-2)
2026-02-27 15:34:06,739  STEP  i=25  pos=(98,172)  delta=(-2,-2)
2026-02-27 15:34:06,739  STEP  i=26  pos=(95,170)  delta=(-3,-2)
2026-02-27 15:34:06,739  STEP  i=27  pos=(92,168)  delta=(-3,-2)
2026-02-27 15:34:06,739  STEP  i=28  pos=(90,167)  delta=(-2,-1)
2026-02-27 15:34:06,739  STEP  i=29  pos=(87,165)  delta=(-3,-2)
2026-02-27 15:34:06,739  STEP  i=30  pos=(84,163)  delta=(-3,-2)
2026-02-27 15:34:06,739  STEP  i=31  pos=(82,162)  delta=(-2,-1)
2026-02-27 15:34:06,740  STEP  i=32  pos=(79,161)  delta=(-3,-1)
2026-02-27 15:34:06,740  STEP  i=33  pos=(77,159)  delta=(-2,-2)
2026-02-27 15:34:06,740  STEP  i=34  pos=(74,158)  delta=(-3,-1)
2026-02-27 15:34:06,740  STEP  i=35  pos=(72,157)  delta=(-2,-1)
2026-02-27 15:34:06,740  STEP  i=36  pos=(70,156)  delta=(-2,-1)
2026-02-27 15:34:06,740  STEP  i=37  pos=(68,156)  delta=(-2,+0)
2026-02-27 15:34:06,740  STEP  i=38  pos=(66,155)  delta=(-2,-1)
2026-02-27 15:34:06,740  STEP  i=39  pos=(65,154)  delta=(-1,-1)
2026-02-27 15:34:06,741  STEP  i=40  pos=(64,154)  delta=(-1,+0)
2026-02-27 15:34:06,741  STEP  i=41  pos=(62,153)  delta=(-2,-1)
2026-02-27 15:34:06,741  STEP  i=42  pos=(62,153)  delta=(+0,+0)
2026-02-27 15:34:06,741  STEP  i=43  pos=(61,153)  delta=(-1,+0)
2026-02-27 15:34:06,741  STEP  i=44  pos=(61,153)  delta=(+0,+0)
2026-02-27 15:34:06,741  STEP  i=45  pos=(61,153)  delta=(+0,+0)
2026-02-27 15:34:07,494  SNAP  final=(61,153)
2026-02-27 15:34:13,544  ARC  from=(61,153)  cp=(84,158)  to=(192,172)  steps=43  ms/step=16.7
2026-02-27 15:34:13,544  STEP  i=01  pos=(61,153)  delta=(+0,+0)
2026-02-27 15:34:13,544  STEP  i=02  pos=(61,153)  delta=(+0,+0)
2026-02-27 15:34:13,544  STEP  i=03  pos=(61,153)  delta=(+0,+0)
2026-02-27 15:34:13,545  STEP  i=04  pos=(62,153)  delta=(+1,+0)
2026-02-27 15:34:13,545  STEP  i=05  pos=(62,153)  delta=(+0,+0)
2026-02-27 15:34:13,545  STEP  i=06  pos=(63,153)  delta=(+1,+0)
2026-02-27 15:34:13,545  STEP  i=07  pos=(64,153)  delta=(+1,+0)
2026-02-27 15:34:13,545  STEP  i=08  pos=(65,153)  delta=(+1,+0)
2026-02-27 15:34:13,545  STEP  i=09  pos=(66,154)  delta=(+1,+1)
2026-02-27 15:34:13,545  STEP  i=10  pos=(68,154)  delta=(+2,+0)
2026-02-27 15:34:13,545  STEP  i=11  pos=(70,154)  delta=(+2,+0)
2026-02-27 15:34:13,546  STEP  i=12  pos=(72,155)  delta=(+2,+1)
2026-02-27 15:34:13,546  STEP  i=13  pos=(74,155)  delta=(+2,+0)
2026-02-27 15:34:13,546  STEP  i=14  pos=(76,155)  delta=(+2,+0)
2026-02-27 15:34:13,546  STEP  i=15  pos=(79,156)  delta=(+3,+1)
2026-02-27 15:34:13,546  STEP  i=16  pos=(82,156)  delta=(+3,+0)
2026-02-27 15:34:13,546  STEP  i=17  pos=(86,157)  delta=(+4,+1)
2026-02-27 15:34:13,546  STEP  i=18  pos=(90,157)  delta=(+4,+0)
2026-02-27 15:34:13,547  STEP  i=19  pos=(94,158)  delta=(+4,+1)
2026-02-27 15:34:13,547  STEP  i=20  pos=(98,159)  delta=(+4,+1)
2026-02-27 15:34:13,547  STEP  i=21  pos=(102,159)  delta=(+4,+0)
2026-02-27 15:34:13,547  STEP  i=22  pos=(107,160)  delta=(+5,+1)
2026-02-27 15:34:13,547  STEP  i=23  pos=(112,161)  delta=(+5,+1)
2026-02-27 15:34:13,547  STEP  i=24  pos=(117,162)  delta=(+5,+1)
2026-02-27 15:34:13,547  STEP  i=25  pos=(123,162)  delta=(+6,+0)
2026-02-27 15:34:13,548  STEP  i=26  pos=(128,163)  delta=(+5,+1)
2026-02-27 15:34:13,548  STEP  i=27  pos=(134,164)  delta=(+6,+1)
2026-02-27 15:34:13,548  STEP  i=28  pos=(139,165)  delta=(+5,+1)
2026-02-27 15:34:13,548  STEP  i=29  pos=(145,165)  delta=(+6,+0)
2026-02-27 15:34:13,548  STEP  i=30  pos=(150,166)  delta=(+5,+1)
2026-02-27 15:34:13,548  STEP  i=31  pos=(155,167)  delta=(+5,+1)
2026-02-27 15:34:13,548  STEP  i=32  pos=(160,167)  delta=(+5,+0)
2026-02-27 15:34:13,548  STEP  i=33  pos=(165,168)  delta=(+5,+1)
2026-02-27 15:34:13,549  STEP  i=34  pos=(170,169)  delta=(+5,+1)
2026-02-27 15:34:13,549  STEP  i=35  pos=(174,169)  delta=(+4,+0)
2026-02-27 15:34:13,549  STEP  i=36  pos=(178,170)  delta=(+4,+1)
2026-02-27 15:34:13,549  STEP  i=37  pos=(181,170)  delta=(+3,+0)
2026-02-27 15:34:13,549  STEP  i=38  pos=(184,171)  delta=(+3,+1)
2026-02-27 15:34:13,549  STEP  i=39  pos=(187,171)  delta=(+3,+0)
2026-02-27 15:34:13,549  STEP  i=40  pos=(189,171)  delta=(+2,+0)
2026-02-27 15:34:13,549  STEP  i=41  pos=(190,171)  delta=(+1,+0)
2026-02-27 15:34:13,550  STEP  i=42  pos=(191,171)  delta=(+1,+0)
2026-02-27 15:34:13,550  STEP  i=43  pos=(192,172)  delta=(+1,+1)
2026-02-27 15:34:14,376  SNAP  final=(192,172)
2026-02-27 15:34:24,690  ARC  from=(192,172)  cp=(242,239)  to=(311,289)  steps=75  ms/step=16.8
2026-02-27 15:34:24,690  STEP  i=01  pos=(192,172)  delta=(+0,+0)
2026-02-27 15:34:24,690  STEP  i=02  pos=(192,172)  delta=(+0,+0)
2026-02-27 15:34:24,690  STEP  i=03  pos=(192,172)  delta=(+0,+0)
2026-02-27 15:34:24,690  STEP  i=04  pos=(192,172)  delta=(+0,+0)
2026-02-27 15:34:24,691  STEP  i=05  pos=(193,173)  delta=(+1,+1)
2026-02-27 15:34:24,691  STEP  i=06  pos=(193,174)  delta=(+0,+1)
2026-02-27 15:34:24,691  STEP  i=07  pos=(194,174)  delta=(+1,+0)
2026-02-27 15:34:24,691  STEP  i=08  pos=(194,175)  delta=(+0,+1)
2026-02-27 15:34:24,691  STEP  i=09  pos=(195,176)  delta=(+1,+1)
2026-02-27 15:34:24,691  STEP  i=10  pos=(196,177)  delta=(+1,+1)
2026-02-27 15:34:24,691  STEP  i=11  pos=(197,178)  delta=(+1,+1)
2026-02-27 15:34:24,691  STEP  i=12  pos=(198,180)  delta=(+1,+2)
2026-02-27 15:34:24,692  STEP  i=13  pos=(199,181)  delta=(+1,+1)
2026-02-27 15:34:24,692  STEP  i=14  pos=(200,183)  delta=(+1,+2)
2026-02-27 15:34:24,692  STEP  i=15  pos=(201,184)  delta=(+1,+1)
2026-02-27 15:34:24,692  STEP  i=16  pos=(203,186)  delta=(+2,+2)
2026-02-27 15:34:24,692  STEP  i=17  pos=(204,188)  delta=(+1,+2)
2026-02-27 15:34:24,692  STEP  i=18  pos=(205,189)  delta=(+1,+1)
2026-02-27 15:34:24,692  STEP  i=19  pos=(207,191)  delta=(+2,+2)
2026-02-27 15:34:24,692  STEP  i=20  pos=(209,193)  delta=(+2,+2)
2026-02-27 15:34:24,693  STEP  i=21  pos=(210,195)  delta=(+1,+2)
2026-02-27 15:34:24,693  STEP  i=22  pos=(212,197)  delta=(+2,+2)
2026-02-27 15:34:24,693  STEP  i=23  pos=(214,199)  delta=(+2,+2)
2026-02-27 15:34:24,693  STEP  i=24  pos=(216,202)  delta=(+2,+3)
2026-02-27 15:34:24,693  STEP  i=25  pos=(218,204)  delta=(+2,+2)
2026-02-27 15:34:24,693  STEP  i=26  pos=(220,206)  delta=(+2,+2)
2026-02-27 15:34:24,693  STEP  i=27  pos=(222,209)  delta=(+2,+3)
2026-02-27 15:34:24,694  STEP  i=28  pos=(224,211)  delta=(+2,+2)
2026-02-27 15:34:24,694  STEP  i=29  pos=(226,213)  delta=(+2,+2)
2026-02-27 15:34:24,694  STEP  i=30  pos=(228,216)  delta=(+2,+3)
2026-02-27 15:34:24,694  STEP  i=31  pos=(231,218)  delta=(+3,+2)
2026-02-27 15:34:24,694  STEP  i=32  pos=(233,221)  delta=(+2,+3)
2026-02-27 15:34:24,694  STEP  i=33  pos=(235,223)  delta=(+2,+2)
2026-02-27 15:34:24,694  STEP  i=34  pos=(238,226)  delta=(+3,+3)
2026-02-27 15:34:24,694  STEP  i=35  pos=(240,228)  delta=(+2,+2)
2026-02-27 15:34:24,694  STEP  i=36  pos=(243,231)  delta=(+3,+3)
2026-02-27 15:34:24,695  STEP  i=37  pos=(245,233)  delta=(+2,+2)
2026-02-27 15:34:24,695  STEP  i=38  pos=(247,235)  delta=(+2,+2)
2026-02-27 15:34:24,695  STEP  i=39  pos=(250,238)  delta=(+3,+3)
2026-02-27 15:34:24,695  STEP  i=40  pos=(253,240)  delta=(+3,+2)
2026-02-27 15:34:24,695  STEP  i=41  pos=(255,243)  delta=(+2,+3)
2026-02-27 15:34:24,695  STEP  i=42  pos=(258,245)  delta=(+3,+2)
2026-02-27 15:34:24,695  STEP  i=43  pos=(260,247)  delta=(+2,+2)
2026-02-27 15:34:24,695  STEP  i=44  pos=(263,250)  delta=(+3,+3)
2026-02-27 15:34:24,696  STEP  i=45  pos=(265,252)  delta=(+2,+2)
2026-02-27 15:34:24,696  STEP  i=46  pos=(268,254)  delta=(+3,+2)
2026-02-27 15:34:24,696  STEP  i=47  pos=(270,256)  delta=(+2,+2)
2026-02-27 15:34:24,696  STEP  i=48  pos=(272,258)  delta=(+2,+2)
2026-02-27 15:34:24,696  STEP  i=49  pos=(275,260)  delta=(+3,+2)
2026-02-27 15:34:24,697  STEP  i=50  pos=(277,262)  delta=(+2,+2)
2026-02-27 15:34:24,697  STEP  i=51  pos=(279,264)  delta=(+2,+2)
2026-02-27 15:34:24,697  STEP  i=52  pos=(282,266)  delta=(+3,+2)
2026-02-27 15:34:24,697  STEP  i=53  pos=(284,268)  delta=(+2,+2)
2026-02-27 15:34:24,698  STEP  i=54  pos=(286,270)  delta=(+2,+2)
2026-02-27 15:34:24,698  STEP  i=55  pos=(288,271)  delta=(+2,+1)
2026-02-27 15:34:24,698  STEP  i=56  pos=(290,273)  delta=(+2,+2)
2026-02-27 15:34:24,698  STEP  i=57  pos=(292,275)  delta=(+2,+2)
2026-02-27 15:34:24,698  STEP  i=58  pos=(294,276)  delta=(+2,+1)
2026-02-27 15:34:24,698  STEP  i=59  pos=(296,277)  delta=(+2,+1)
2026-02-27 15:34:24,698  STEP  i=60  pos=(297,279)  delta=(+1,+2)
2026-02-27 15:34:24,698  STEP  i=61  pos=(299,280)  delta=(+2,+1)
2026-02-27 15:34:24,699  STEP  i=62  pos=(301,281)  delta=(+2,+1)
2026-02-27 15:34:24,699  STEP  i=63  pos=(302,282)  delta=(+1,+1)
2026-02-27 15:34:24,699  STEP  i=64  pos=(303,283)  delta=(+1,+1)
2026-02-27 15:34:24,699  STEP  i=65  pos=(305,284)  delta=(+2,+1)
2026-02-27 15:34:24,699  STEP  i=66  pos=(306,285)  delta=(+1,+1)
2026-02-27 15:34:24,699  STEP  i=67  pos=(307,286)  delta=(+1,+1)
2026-02-27 15:34:24,699  STEP  i=68  pos=(308,286)  delta=(+1,+0)
2026-02-27 15:34:24,699  STEP  i=69  pos=(308,287)  delta=(+0,+1)
2026-02-27 15:34:24,700  STEP  i=70  pos=(309,287)  delta=(+1,+0)
2026-02-27 15:34:24,700  STEP  i=71  pos=(310,288)  delta=(+1,+1)
2026-02-27 15:34:24,700  STEP  i=72  pos=(310,288)  delta=(+0,+0)
2026-02-27 15:34:24,700  STEP  i=73  pos=(310,288)  delta=(+0,+0)
2026-02-27 15:34:24,700  STEP  i=74  pos=(310,288)  delta=(+0,+0)
2026-02-27 15:34:24,700  STEP  i=75  pos=(311,289)  delta=(+1,+1)
2026-02-27 15:34:26,438  SNAP  final=(311,289)
